$ cd /workspace/shadcn-ui && pnpm run lint

> shadcnui@ lint /workspace/shadcn-ui
> eslint --quiet ./src

$ cd /workspace/shadcn-ui && pnpm run build


> shadcnui@ build /workspace/shadcn-ui
> vite build

vite v5.4.19 building for production...
transforming...
✓ 2102 modules transformed.
rendering chunks...
computing gzip size...
dist/index.html                            0.89 kB │ gzip:   0.44 kB
dist/assets/index-Ok7V1z1P.css            61.74 kB │ gzip:  10.91 kB
dist/assets/purify.es-CQJ0hv7W.js         21.82 kB │ gzip:   8.58 kB
dist/assets/index.es-BnaJSHBT.js         150.42 kB │ gzip:  51.39 kB
dist/assets/html2canvas.esm-CBrSDip1.js  201.42 kB │ gzip:  48.03 kB
dist/assets/index-DxamhinB.js            856.84 kB │ gzip: 275.32 kB

(!) Some chunks are larger than 500 kB after minification. Consider:
- Using dynamic import() to code-split the application
- Use build.rollupOptions.output.manualChunks to improve chunking: https://rollupjs.org/configuration-options/#output-manualchunks
- Adjust chunk size limit for this warning via build.chunkSizeWarningLimit.
✓ built in 8.28s
$ cd /workspace/shadcn-ui && pnpm run lint


> shadcnui@ lint /workspace/shadcn-ui
> eslint --quiet ./src


/workspace/shadcn-ui/src/pages/Index.tsx
  361:4  error  Parsing error: Declaration or statement expected

✖ 1 problem (1 error, 0 warnings)

 ELIFECYCLE  Command failed with exit code 1.
$ cd /workspace/shadcn-ui && pnpm run build


> shadcnui@ build /workspace/shadcn-ui
> vite build

vite v5.4.19 building for production...
transforming...
✓ 7 modules transformed.
x Build failed in 1.13s
error during build:
[vite:esbuild] Transform failed with 1 error:
/workspace/shadcn-ui/src/pages/Index.tsx:361:5: ERROR: Expected identifier but found "/"
file: /workspace/shadcn-ui/src/pages/Index.tsx:361:5

Expected identifier but found "/"
359|        textShadow: strokeWidth > 0 ? 'none' : '2px 2px 4px rgba(0,0,0,0.3)'
360|      };
361|    };</to_replace>
   |       ^
362|  </Editor.edit_file_by_replace>
363|  

    at failureErrorWithLog (/workspace/shadcn-ui/node_modules/.pnpm/esbuild@0.21.5/node_modules/esbuild/lib/main.js:1472:15)
    at /workspace/shadcn-ui/node_modules/.pnpm/esbuild@0.21.5/node_modules/esbuild/lib/main.js:755:50
    at responseCallbacks.<computed> (/workspace/shadcn-ui/node_modules/.pnpm/esbuild@0.21.5/node_modules/esbuild/lib/main.js:622:9)
    at handleIncomingPacket (/workspace/shadcn-ui/node_modules/.pnpm/esbuild@0.21.5/node_modules/esbuild/lib/main.js:677:12)
    at Socket.readFromStdout (/workspace/shadcn-ui/node_modules/.pnpm/esbuild@0.21.5/node_modules/esbuild/lib/main.js:600:7)
    at Socket.emit (node:events:518:28)
    at addChunk (node:internal/streams/readable:559:12)
    at readableAddChunkPushByteMode (node:internal/streams/readable:510:3)
    at Readable.push (node:internal/streams/readable:390:5)
    at Pipe.onStreamRead (node:internal/stream_base_commons:190:23)
 ELIFECYCLE  Command failed with exit code 1.
$ cd /workspace/shadcn-ui && pnpm run lint


> shadcnui@ lint /workspace/shadcn-ui
> eslint --quiet ./src


/workspace/shadcn-ui/src/pages/Index.tsx
  361:4  error  Parsing error: Declaration or statement expected

✖ 1 problem (1 error, 0 warnings)

 ELIFECYCLE  Command failed with exit code 1.
$ cd /workspace/shadcn-ui && pnpm run build


> shadcnui@ build /workspace/shadcn-ui
> vite build

vite v5.4.19 building for production...
transforming...
✓ 15 modules transformed.
x Build failed in 1.27s
error during build:
[vite:esbuild] Transform failed with 1 error:
/workspace/shadcn-ui/src/pages/Index.tsx:361:5: ERROR: Expected identifier but found "/"
file: /workspace/shadcn-ui/src/pages/Index.tsx:361:5

Expected identifier but found "/"
359|        textShadow: strokeWidth > 0 ? 'none' : '2px 2px 4px rgba(0,0,0,0.3)'
360|      };
361|    };</to_replace>
   |       ^
362|  </Editor.edit_file_by_replace>
363|  

    at failureErrorWithLog (/workspace/shadcn-ui/node_modules/.pnpm/esbuild@0.21.5/node_modules/esbuild/lib/main.js:1472:15)
    at /workspace/shadcn-ui/node_modules/.pnpm/esbuild@0.21.5/node_modules/esbuild/lib/main.js:755:50
    at responseCallbacks.<computed> (/workspace/shadcn-ui/node_modules/.pnpm/esbuild@0.21.5/node_modules/esbuild/lib/main.js:622:9)
    at handleIncomingPacket (/workspace/shadcn-ui/node_modules/.pnpm/esbuild@0.21.5/node_modules/esbuild/lib/main.js:677:12)
    at Socket.readFromStdout (/workspace/shadcn-ui/node_modules/.pnpm/esbuild@0.21.5/node_modules/esbuild/lib/main.js:600:7)
    at Socket.emit (node:events:518:28)
    at addChunk (node:internal/streams/readable:559:12)
    at readableAddChunkPushByteMode (node:internal/streams/readable:510:3)
    at Readable.push (node:internal/streams/readable:390:5)
    at Pipe.onStreamRead (node:internal/stream_base_commons:190:23)
 ELIFECYCLE  Command failed with exit code 1.
$ cd /workspace/shadcn-ui && pnpm run lint


> shadcnui@ lint /workspace/shadcn-ui
> eslint --quiet ./src


/workspace/shadcn-ui/src/pages/Index.tsx
  361:4  error  Parsing error: Declaration or statement expected

✖ 1 problem (1 error, 0 warnings)

 ELIFECYCLE  Command failed with exit code 1.
$ cd /workspace/shadcn-ui && pnpm run build


> shadcnui@ build /workspace/shadcn-ui
> vite build

vite v5.4.19 building for production...
transforming...
✓ 8 modules transformed.
x Build failed in 1.06s
error during build:
[vite:esbuild] Transform failed with 1 error:
/workspace/shadcn-ui/src/pages/Index.tsx:361:5: ERROR: Expected identifier but found "/"
file: /workspace/shadcn-ui/src/pages/Index.tsx:361:5

Expected identifier but found "/"
359|        textShadow: strokeWidth > 0 ? 'none' : '2px 2px 4px rgba(0,0,0,0.3)'
360|      };
361|    };</to_replace>
   |       ^
362|  </Editor.edit_file_by_replace>
363|  

    at failureErrorWithLog (/workspace/shadcn-ui/node_modules/.pnpm/esbuild@0.21.5/node_modules/esbuild/lib/main.js:1472:15)
    at /workspace/shadcn-ui/node_modules/.pnpm/esbuild@0.21.5/node_modules/esbuild/lib/main.js:755:50
    at responseCallbacks.<computed> (/workspace/shadcn-ui/node_modules/.pnpm/esbuild@0.21.5/node_modules/esbuild/lib/main.js:622:9)
    at handleIncomingPacket (/workspace/shadcn-ui/node_modules/.pnpm/esbuild@0.21.5/node_modules/esbuild/lib/main.js:677:12)
    at Socket.readFromStdout (/workspace/shadcn-ui/node_modules/.pnpm/esbuild@0.21.5/node_modules/esbuild/lib/main.js:600:7)
    at Socket.emit (node:events:518:28)
    at addChunk (node:internal/streams/readable:559:12)
    at readableAddChunkPushByteMode (node:internal/streams/readable:510:3)
    at Readable.push (node:internal/streams/readable:390:5)
    at Pipe.onStreamRead (node:internal/stream_base_commons:190:23)
 ELIFECYCLE  Command failed with exit code 1.
$ cd /workspace/shadcn-ui && pnpm run lint


> shadcnui@ lint /workspace/shadcn-ui
> eslint --quiet ./src


/workspace/shadcn-ui/src/pages/Index.tsx
  361:4  error  Parsing error: Declaration or statement expected

✖ 1 problem (1 error, 0 warnings)

 ELIFECYCLE  Command failed with exit code 1.
$ cd /workspace/shadcn-ui && pnpm run build


> shadcnui@ build /workspace/shadcn-ui
> vite build

vite v5.4.19 building for production...
transforming...
✓ 13 modules transformed.
x Build failed in 1.22s
error during build:
[vite:esbuild] Transform failed with 1 error:
/workspace/shadcn-ui/src/pages/Index.tsx:361:5: ERROR: Expected identifier but found "/"
file: /workspace/shadcn-ui/src/pages/Index.tsx:361:5

Expected identifier but found "/"
359|        textShadow: strokeWidth > 0 ? 'none' : '2px 2px 4px rgba(0,0,0,0.3)'
360|      };
361|    };</to_replace>
   |       ^
362|  </Editor.edit_file_by_replace>
363|  

    at failureErrorWithLog (/workspace/shadcn-ui/node_modules/.pnpm/esbuild@0.21.5/node_modules/esbuild/lib/main.js:1472:15)
    at /workspace/shadcn-ui/node_modules/.pnpm/esbuild@0.21.5/node_modules/esbuild/lib/main.js:755:50
    at responseCallbacks.<computed> (/workspace/shadcn-ui/node_modules/.pnpm/esbuild@0.21.5/node_modules/esbuild/lib/main.js:622:9)
    at handleIncomingPacket (/workspace/shadcn-ui/node_modules/.pnpm/esbuild@0.21.5/node_modules/esbuild/lib/main.js:677:12)
    at Socket.readFromStdout (/workspace/shadcn-ui/node_modules/.pnpm/esbuild@0.21.5/node_modules/esbuild/lib/main.js:600:7)
    at Socket.emit (node:events:518:28)
    at addChunk (node:internal/streams/readable:559:12)
    at readableAddChunkPushByteMode (node:internal/streams/readable:510:3)
    at Readable.push (node:internal/streams/readable:390:5)
    at Pipe.onStreamRead (node:internal/stream_base_commons:190:23)
 ELIFECYCLE  Command failed with exit code 1.
$ cd /workspace/shadcn-ui && pnpm run lint


> shadcnui@ lint /workspace/shadcn-ui
> eslint --quiet ./src


/workspace/shadcn-ui/src/pages/Index.tsx
  361:4  error  Parsing error: Declaration or statement expected

✖ 1 problem (1 error, 0 warnings)

 ELIFECYCLE  Command failed with exit code 1.
$ cd /workspace/shadcn-ui && pnpm run build


> shadcnui@ build /workspace/shadcn-ui
> vite build

vite v5.4.19 building for production...
transforming...
✓ 7 modules transformed.
x Build failed in 1.07s
error during build:
[vite:esbuild] Transform failed with 1 error:
/workspace/shadcn-ui/src/pages/Index.tsx:361:5: ERROR: Expected identifier but found "/"
file: /workspace/shadcn-ui/src/pages/Index.tsx:361:5

Expected identifier but found "/"
359|        textShadow: strokeWidth > 0 ? 'none' : '2px 2px 4px rgba(0,0,0,0.3)'
360|      };
361|    };</to_replace>
   |       ^
362|  </Editor.edit_file_by_replace>
363|  

    at failureErrorWithLog (/workspace/shadcn-ui/node_modules/.pnpm/esbuild@0.21.5/node_modules/esbuild/lib/main.js:1472:15)
    at /workspace/shadcn-ui/node_modules/.pnpm/esbuild@0.21.5/node_modules/esbuild/lib/main.js:755:50
    at responseCallbacks.<computed> (/workspace/shadcn-ui/node_modules/.pnpm/esbuild@0.21.5/node_modules/esbuild/lib/main.js:622:9)
    at handleIncomingPacket (/workspace/shadcn-ui/node_modules/.pnpm/esbuild@0.21.5/node_modules/esbuild/lib/main.js:677:12)
    at Socket.readFromStdout (/workspace/shadcn-ui/node_modules/.pnpm/esbuild@0.21.5/node_modules/esbuild/lib/main.js:600:7)
    at Socket.emit (node:events:518:28)
    at addChunk (node:internal/streams/readable:559:12)
    at readableAddChunkPushByteMode (node:internal/streams/readable:510:3)
    at Readable.push (node:internal/streams/readable:390:5)
    at Pipe.onStreamRead (node:internal/stream_base_commons:190:23)
 ELIFECYCLE  Command failed with exit code 1.
$ cd /workspace/shadcn-ui && pnpm run build


> shadcnui@ build /workspace/shadcn-ui
> vite build

vite v5.4.19 building for production...
transforming...
✓ 7 modules transformed.
x Build failed in 1.38s
error during build:
[vite:esbuild] Transform failed with 1 error:
/workspace/shadcn-ui/src/pages/Index.tsx:361:5: ERROR: Expected identifier but found "/"
file: /workspace/shadcn-ui/src/pages/Index.tsx:361:5

Expected identifier but found "/"
359|        textShadow: strokeWidth > 0 ? 'none' : '2px 2px 4px rgba(0,0,0,0.3)'
360|      };
361|    };</to_replace>
   |       ^
362|  </Editor.edit_file_by_replace>
363|  

    at failureErrorWithLog (/workspace/shadcn-ui/node_modules/.pnpm/esbuild@0.21.5/node_modules/esbuild/lib/main.js:1472:15)
    at /workspace/shadcn-ui/node_modules/.pnpm/esbuild@0.21.5/node_modules/esbuild/lib/main.js:755:50
    at responseCallbacks.<computed> (/workspace/shadcn-ui/node_modules/.pnpm/esbuild@0.21.5/node_modules/esbuild/lib/main.js:622:9)
    at handleIncomingPacket (/workspace/shadcn-ui/node_modules/.pnpm/esbuild@0.21.5/node_modules/esbuild/lib/main.js:677:12)
    at Socket.readFromStdout (/workspace/shadcn-ui/node_modules/.pnpm/esbuild@0.21.5/node_modules/esbuild/lib/main.js:600:7)
    at Socket.emit (node:events:518:28)
    at addChunk (node:internal/streams/readable:559:12)
    at readableAddChunkPushByteMode (node:internal/streams/readable:510:3)
    at Readable.push (node:internal/streams/readable:390:5)
    at Pipe.onStreamRead (node:internal/stream_base_commons:190:23)
 ELIFECYCLE  Command failed with exit code 1.
$ cd /workspace/shadcn-ui && rm src/pages/Index.tsx

$ cd /workspace/shadcn-ui && cat > src/pages/Index.tsx << 'EOF'
import React, { useState, useRef, useCallback, useEffect } from 'react';
import { Card, CardContent, CardDescription, CardHeader, CardTitle } from '@/components/ui/card';
import { Tabs, TabsContent, TabsList, TabsTrigger } from '@/components/ui/tabs';
import { Button } from '@/components/ui/button';
import { Input } from '@/components/ui/input';
import { Label } from '@/components/ui/label';
import { Select, SelectContent, SelectItem, SelectTrigger, SelectValue } from '@/components/ui/select';
import { Slider } from '@/components/ui/slider';
import { Textarea } from '@/components/ui/textarea';
import { Upload, Download, FileText, Image as ImageIcon, Settings } from 'lucide-react';
import { toast } from 'sonner';
import JSZip from 'jszip';
import jsPDF from 'jspdf';

const HEBREW_FONTS = [
  { value: 'David', label: 'דוד (David)' },
  { value: 'Narkisim', label: 'נרקיסים (Narkisim)' },
  { value: 'Rod', label: 'רוד (Rod)' },
  { value: 'Miriam', label: 'מרים (Miriam)' },
  { value: 'Gisha', label: 'גישה (Gisha)' },
  { value: 'Tahoma', label: 'Tahoma' },
];

const ENGLISH_FONTS = [
  { value: 'Arial', label: 'Arial' },
  { value: 'Times New Roman', label: 'Times New Roman' },
  { value: 'Calibri', label: 'Calibri' },
  { value: 'Georgia', label: 'Georgia' },
  { value: 'Helvetica', label: 'Helvetica' },
];

const EXPORT_RESOLUTIONS = [
  { value: '180', label: '180 DPI (1488x2126px)', width: 1488, height: 2126 },
  { value: '300', label: '300 DPI (2480x3543px)', width: 2480, height: 3543 }
];

const EXPORT_FORMATS = [
  { value: 'png', label: 'PNG' },
  { value: 'jpg', label: 'JPG' },
  { value: 'pdf', label: 'PDF' }
];

export default function Index() {
  const [sampleImage, setSampleImage] = useState(null);
  const [targetImages, setTargetImages] = useState([]);
  const [textFile, setTextFile] = useState(null);
  const [textLines, setTextLines] = useState([]);
  const [imageUrl, setImageUrl] = useState('');
  const [imageDimensions, setImageDimensions] = useState({ width: 800, height: 600 });
  const [isProcessing, setIsProcessing] = useState(false);
  const [isDragging, setIsDragging] = useState(false);
  const [isResizing, setIsResizing] = useState(false);
  const [dragStart, setDragStart] = useState({ x: 0, y: 0 });
  const [resizeHandle, setResizeHandle] = useState(null);
  const [processedImages, setProcessedImages] = useState([]);
  const [exportResolution, setExportResolution] = useState('180');
  const [exportFormat, setExportFormat] = useState('png');
  const [isHorizontal, setIsHorizontal] = useState(false);

  const [textBox, setTextBox] = useState({
    x: 100,
    y: 100,
    width: 300,
    height: 100,
    text: 'שלום עולם Hello World',
    style: {
      fontSize: 36,
      color: '#000000',
      strokeColor: '#ffffff',
      strokeWidth: 2,
      align: 'center',
      fontFamily: 'Tahoma'
    }
  });

  const containerRef = useRef(null);
  const sampleInputRef = useRef(null);
  const targetInputRef = useRef(null);
  const textInputRef = useRef(null);

  const detectLanguage = useCallback((text) => {
    const hebrewRegex = /[\u0590-\u05FF]/;
    return hebrewRegex.test(text) ? 'rtl' : 'ltr';
  }, []);

  const getExportDimensions = useCallback(() => {
    const resolution = EXPORT_RESOLUTIONS.find(r => r.value === exportResolution);
    if (isHorizontal) {
      return { width: resolution.height, height: resolution.width };
    }
    return { width: resolution.width, height: resolution.height };
  }, [exportResolution, isHorizontal]);

  const getTextStyle = () => {
    const { fontSize, color, strokeColor, strokeWidth, fontFamily, align } = textBox.style;
    const direction = detectLanguage(textBox.text);
    
    const containerRect = containerRef.current?.getBoundingClientRect();
    const previewScale = containerRect ? containerRect.width / imageDimensions.width : 1;
    const previewFontSize = fontSize * previewScale;
    
    return {
      fontSize: `${previewFontSize}px`,
      color,
      fontFamily: `"${fontFamily}", "Arial", sans-serif`,
      textAlign: align,
      direction,
      lineHeight: '1.2',
      wordWrap: 'break-word',
      overflow: 'hidden',
      cursor: isDragging ? 'grabbing' : 'grab',
      userSelect: 'none',
      whiteSpace: 'pre-wrap',
      WebkitTextStroke: strokeWidth > 0 ? `${strokeWidth * previewScale}px ${strokeColor}` : 'none',
      textShadow: strokeWidth > 0 ? 'none' : '2px 2px 4px rgba(0,0,0,0.3)'
    };
  };

  const resetAll = useCallback(() => {
    setSampleImage(null);
    setTargetImages([]);
    setTextFile(null);
    setTextLines([]);
    setImageUrl('');
    setImageDimensions({ width: 800, height: 600 });
    setProcessedImages([]);
    setIsHorizontal(false);
    setIsDragging(false);
    setIsResizing(false);
    setDragStart({ x: 0, y: 0 });
    setResizeHandle(null);
    
    setTextBox({
      x: 100,
      y: 100,
      width: 300,
      height: 100,
      text: 'שלום עולם Hello World',
      style: {
        fontSize: 36,
        color: '#000000',
        strokeColor: '#ffffff',
        strokeWidth: 2,
        align: 'center',
        fontFamily: 'Tahoma'
      }
    });
    
    if (sampleInputRef.current) sampleInputRef.current.value = '';
    if (targetInputRef.current) targetInputRef.current.value = '';
    if (textInputRef.current) textInputRef.current.value = '';
    
    toast.success('All data cleared successfully');
  }, []);

  return (
    <div className="min-h-screen bg-gradient-to-br from-gray-50 to-blue-50 p-2 sm:p-4">
      <div className="max-w-7xl mx-auto">
        <div className="text-center mb-4 sm:mb-8">
          <div className="flex justify-between items-start mb-4">
            <div className="flex-1">
              <h1 className="text-2xl sm:text-4xl font-bold bg-gradient-to-r from-blue-600 to-indigo-600 bg-clip-text text-transparent mb-2 sm:mb-4">
                Bulk Text Overlay Processing Tool
              </h1>
              <p className="text-sm sm:text-lg text-gray-600">
                Add variable text to multiple images with batch processing and professional export
              </p>
            </div>
            <Button 
              onClick={resetAll} 
              variant="outline" 
              size="sm"
              className="ml-4 text-red-600 border-red-300 hover:bg-red-50 hover:border-red-400"
            >
              🔄 Reset All
            </Button>
          </div>
        </div>

        <Tabs defaultValue="design" className="w-full">
          <TabsList className="grid w-full grid-cols-3 mb-4">
            <TabsTrigger value="design" className="text-xs sm:text-sm">Design</TabsTrigger>
            <TabsTrigger value="batch" className="text-xs sm:text-sm">Batch Setup</TabsTrigger>
            <TabsTrigger value="process" className="text-xs sm:text-sm">Process & Export</TabsTrigger>
          </TabsList>

          <TabsContent value="design" className="space-y-4 sm:space-y-6">
            <div className="grid lg:grid-cols-2 gap-4 sm:gap-6">
              <Card>
                <CardHeader className="pb-3 sm:pb-6">
                  <CardTitle className="text-lg sm:text-xl">Sample Image & Text Design</CardTitle>
                  <CardDescription className="text-sm">
                    Upload a sample image and design your text overlay.
                  </CardDescription>
                </CardHeader>
                <CardContent>
                  <div className="space-y-4">
                    <div className="border-2 border-dashed border-gray-300 rounded-lg p-4 sm:p-6 text-center">
                      <input
                        ref={sampleInputRef}
                        type="file"
                        accept="image/*"
                        className="hidden"
                      />
                      <Button onClick={() => sampleInputRef.current?.click()} variant="outline" className="w-full text-xs sm:text-sm">
                        <Upload className="h-3 w-3 sm:h-4 sm:w-4 mr-2" />
                        Upload Sample Image
                      </Button>
                      {sampleImage && <p className="mt-2 text-xs sm:text-sm text-green-600">✓ {sampleImage.name}</p>}
                    </div>
                  </div>
                </CardContent>
              </Card>

              <Card>
                <CardHeader className="pb-3 sm:pb-6">
                  <CardTitle className="text-lg sm:text-xl">Text Styling</CardTitle>
                  <CardDescription className="text-sm">Design your text appearance.</CardDescription>
                </CardHeader>
                <CardContent className="space-y-4 sm:space-y-6">
                  <div className="space-y-2">
                    <Label className="text-sm">Sample Text Content</Label>
                    <Textarea
                      value={textBox.text}
                      onChange={(e) => setTextBox(prev => ({ ...prev, text: e.target.value }))}
                      placeholder="Enter sample text... הכנס טקסט לדוגמה"
                      className="min-h-[60px] sm:min-h-[80px] resize-none text-sm"
                      dir="auto"
                    />
                  </div>
                </CardContent>
              </Card>
            </div>
          </TabsContent>

          <TabsContent value="batch" className="space-y-4">
            <div className="grid md:grid-cols-2 gap-6">
              <Card>
                <CardHeader>
                  <CardTitle>Target Images</CardTitle>
                  <CardDescription>Upload multiple images for processing</CardDescription>
                </CardHeader>
                <CardContent>
                  <div className="border-2 border-dashed border-gray-300 rounded-lg p-6 text-center">
                    <input
                      ref={targetInputRef}
                      type="file"
                      accept="image/*"
                      multiple
                      className="hidden"
                    />
                    <Button onClick={() => targetInputRef.current?.click()} variant="outline" className="w-full">
                      <Upload className="h-4 w-4 mr-2" />
                      Upload Target Images
                    </Button>
                    {targetImages.length > 0 && (
                      <p className="mt-2 text-sm text-green-600">✓ {targetImages.length} images uploaded</p>
                    )}
                  </div>
                </CardContent>
              </Card>

              <Card>
                <CardHeader>
                  <CardTitle>Text File</CardTitle>
                  <CardDescription>Upload text file with one line per image</CardDescription>
                </CardHeader>
                <CardContent>
                  <div className="border-2 border-dashed border-gray-300 rounded-lg p-6 text-center">
                    <input
                      ref={textInputRef}
                      type="file"
                      accept=".txt"
                      className="hidden"
                    />
                    <Button onClick={() => textInputRef.current?.click()} variant="outline" className="w-full">
                      <FileText className="h-4 w-4 mr-2" />
                      Upload Text File
                    </Button>
                    {textFile && (
                      <p className="mt-2 text-sm text-green-600">✓ {textFile.name} ({textLines.length} lines)</p>
                    )}
                  </div>
                </CardContent>
              </Card>
            </div>
          </TabsContent>

          <TabsContent value="process" className="space-y-4">
            <Card>
              <CardHeader>
                <CardTitle>Processing</CardTitle>
                <CardDescription>Process images and download results</CardDescription>
              </CardHeader>
              <CardContent className="space-y-4">
                <Button 
                  disabled={isProcessing}
                  className="w-full"
                  size="lg"
                >
                  {isProcessing ? (
                    <>
                      <div className="animate-spin rounded-full h-4 w-4 border-b-2 border-white mr-2"></div>
                      Processing...
                    </>
                  ) : (
                    <>
                      <Settings className="h-4 w-4 mr-2" />
                      Process All Images
                    </>
                  )}
                </Button>
              </CardContent>
            </Card>
          </TabsContent>
        </Tabs>
      </div>
    </div>
  );
}
EOF

